$ astro build
01:58:59 [content] Syncing content
01:58:59 [WARN] [glob-loader] No entry type found for about.astro
01:58:59 [content] Synced content
01:58:59 [types] Generated 785ms
01:58:59 [build] output: "static"
01:58:59 [build] mode: "static"
01:58:59 [build] directory: /app/dist/
01:58:59 [build] Collecting build info...
01:58:59 [build] ✓ Completed in 842ms.
01:58:59 [build] Building static entrypoints...
01:59:05 [vite] ✓ built in 6.00s
01:59:05 [WARN] [vite] [plugin vite:resolve] Module "punycode" has been externalized for browser compatibility, imported by "/app/node_modules/.pnpm/markdown-it@13.0.2/node_modules/markdown-it/lib/index.js". See https://vite.dev/guide/troubleshooting.html#module-externalized-for-browser-compatibility for more details.
01:59:08 [vite] ✓ built in 3.14s
01:59:08 [build] Rearranging server assets...

 generating static routes
01:59:08 [WARN] [build] Could not render `/blog` from route `/[...slug]` as it conflicts with higher priority route `/blog/[...page]`.
01:59:08   ├─ /404.html(node:536978) [DEP0040] DeprecationWarning: The `punycode` module is deprecated. Please use a userland alternative instead.
(Use `node --trace-deprecation ...` to show where the warning was created)
 (+36ms)
01:59:08   ├─ /about/index.html (+30ms)
01:59:08   ├─ /blog/ag1-alternatives/index.html (+38ms)
01:59:08   ├─ /blog/best-synbiotic/index.html (+13ms)
01:59:08   ├─ /blog/data-files/index.html (+14ms)
01:59:08   ├─ /blog/digestive-enzymes-online/index.html (+11ms)
01:59:08   ├─ /blog/gut-brain-connection/index.html (+10ms)
01:59:08   ├─ /blog/gut-health-women/index.html (+15ms)
01:59:08   ├─ /blog/hum-nutrition-review/index.html (+12ms)
01:59:08   ├─ /blog/lighthouse-scores/index.html (+10ms)
01:59:08   ├─ /blog/love-wellness-compare/index.html (+9ms)
01:59:08   ├─ /blog/markdown/index.html (+9ms)
01:59:08   ├─ /blog/natural-constipation-relief/index.html (+9ms)
01:59:08   ├─ /blog/optimized-images/index.html (+8ms)
01:59:08   ├─ /blog/paginated-collection/index.html (+14ms)
01:59:08   ├─ /blog/prebiotics-vs-probiotics/index.html (+9ms)
01:59:08   ├─ /blog/search/index.html (+8ms)
01:59:08   ├─ /blog/seed-alternative/index.html (+8ms)
01:59:08   ├─ /blog/seo/index.html (+8ms)
01:59:08   ├─ /blog/supplement-for-bloating/index.html (+9ms)
01:59:08   ├─ /blog/synbiotic-subscription/index.html (+8ms)
01:59:08   ├─ /blog/tailwind/index.html (+12ms)
01:59:08   ├─ /blog/index.html (+14ms)
01:59:08   ├─ /blog/2/index.html (+8ms)
01:59:08   ├─ /blog/3/index.html (+8ms)
01:59:08   ├─ /blog/4/index.html (+5ms)
01:59:08   ├─ /contact/index.html (+4ms)
01:59:08   ├─ /feed.xml (+29ms)
01:59:08   ├─ /glossary/akkermansia-muciniphila/index.html (+4ms)
01:59:08   ├─ /glossary/bifidobacterium/index.html (+3ms)
01:59:08   ├─ /glossary/bloating/index.html (+2ms)
01:59:08   ├─ /glossary/bristol-stool-scale/index.html (+2ms)
01:59:08   ├─ /glossary/constipation/index.html (+2ms)
01:59:08   ├─ /glossary/digestive-enzymes/index.html (+2ms)
01:59:08   ├─ /glossary/dysbiosis/index.html (+2ms)
01:59:08   ├─ /glossary/elimination-diet/index.html (+2ms)
01:59:08   ├─ /glossary/fermentation/index.html (+2ms)
01:59:08   ├─ /glossary/fiber-soluble-vs-insoluble/index.html (+2ms)
01:59:08   ├─ /glossary/fodmap/index.html (+2ms)
01:59:08   ├─ /glossary/gastrointestinal-tract/index.html (+2ms)
01:59:08   ├─ /glossary/gut-brain-axis/index.html (+2ms)
01:59:08   ├─ /glossary/gut-flora/index.html (+2ms)
01:59:08   ├─ /glossary/ibs/index.html (+6ms)
01:59:08   ├─ /glossary/lactobacillus/index.html (+3ms)
01:59:09   ├─ /glossary/leaky-gut-syndrome/index.html (+2ms)
01:59:09   ├─ /glossary/microbiome/index.html (+2ms)
01:59:09   ├─ /glossary/motility/index.html (+2ms)
01:59:09   ├─ /glossary/postbiotics/index.html (+2ms)
01:59:09   ├─ /glossary/prebiotics/index.html (+2ms)
01:59:09   ├─ /glossary/probiotics/index.html (+2ms)
01:59:09   ├─ /glossary/short-chain-fatty-acids-scfas/index.html (+2ms)
01:59:09   ├─ /glossary/synbiotic/index.html (+2ms)
01:59:09   ├─ /glossary/transit-time/index.html (+2ms)
01:59:09   ├─ /learn/antibiotic-recovery/index.html (+3ms)
01:59:09   ├─ /learn/best-foods/index.html (+2ms)
01:59:09   ├─ /learn/bloating/index.html (+2ms)
01:59:09   ├─ /learn/bristol-scale/index.html (+2ms)
01:59:09   ├─ /learn/constipation/index.html (+2ms)
01:59:09   ├─ /learn/digestive-enzymes-guide/index.html (+2ms)
01:59:09   ├─ /learn/elimination-diet/index.html (+2ms)
01:59:09   ├─ /learn/gut-acne/index.html (+2ms)
01:59:09   ├─ /learn/healing-time/index.html (+2ms)
01:59:09   ├─ /learn/inflammation-foods/index.html (+2ms)
01:59:09   ├─ /learn/leaky-gut/index.html (+2ms)
01:59:09   ├─ /learn/microbiome/index.html (+2ms)
01:59:09   ├─ /learn/stomach-acid/index.html (+2ms)
01:59:09   ├─ /learn/stress-digestion/index.html (+2ms)
01:59:09   ├─ /learn/synbiotic-guide/index.html (+3ms)
01:59:09   ├─ /learn/travel-constipation/index.html (+2ms)
01:59:09   ├─ /robots.txt (+2ms)
01:59:09   ├─ /tags/Gut Health/index.html (+9ms)
01:59:09   ├─ /tags/Gut Health/2/index.html (+7ms)
01:59:09   ├─ /tags/Supplementation/index.html (+12ms)
01:59:09   ├─ /tags/Supplementation/2/index.html (+6ms)
01:59:09   ├─ /tags/seo/index.html (+4ms)
01:59:09   ├─ /tags/inputs/index.html (+4ms)
01:59:09   ├─ /tags/navigation/index.html (+4ms)
01:59:09   ├─ /tags/icons/index.html (+3ms)
01:59:09   ├─ /tags/data/index.html (+3ms)
01:59:09   ├─ /tags/accessibility/index.html (+3ms)
01:59:09   ├─ /tags/images/index.html (+3ms)
01:59:09   ├─ /tags/markdown/index.html (+3ms)
01:59:09   ├─ /tags/building/index.html (+4ms)
01:59:09   ├─ /tags/pagination/index.html (+3ms)
01:59:09   ├─ /tags/search/index.html (+3ms)
01:59:09   ├─ /tags/styling/index.html (+3ms)
01:59:09   ├─ /tags/tailwind/index.html (+3ms)
01:59:09   ├─ /thanks/index.html (+3ms)
01:59:09   ├─ /tools/fiber-calculator/index.html (+3ms)
01:59:09   ├─ /tools/transit-time/index.html (+2ms)
01:59:09   ├─ /tools/water-intake/index.html (+2ms)
01:59:09   ├─ /compare/index.html (+2ms)
01:59:09   ├─ /compare/athletic-greens/index.html (+2ms)
01:59:09   ├─ /compare/hum-nutrition/index.html (+2ms)
01:59:09   ├─ /compare/love-wellness/index.html (+2ms)
01:59:09   ├─ /compare/ritual/index.html (+2ms)
01:59:09   ├─ /compare/seed/index.html (+2ms)
01:59:09   ├─ /glossary/index.html (+2ms)
01:59:09   ├─ /index.html (+24ms)
01:59:09   ├─ /ingredients/index.html (+3ms)
01:59:09   ├─ /learn/index.html (+2ms)
01:59:09   ├─ /tools/index.html (+2ms)
01:59:09 ✓ Completed in 726ms.

 generating optimized images
01:59:09   ▶ /_astro/blog-thumb-5.DUPiyVt9_1NKW8M.avif (reused cache entry) (+2ms) (1/99)
01:59:09   ▶ /_astro/featured-image-3.j8Et3EFA_Z2aV9YR.avif (reused cache entry) (+2ms) (2/99)
01:59:09   ▶ /_astro/featured-image-4.Bn9cp6ff_4YxIF.avif (reused cache entry) (+2ms) (3/99)
01:59:09   ▶ /_astro/featured-image-2.BeHgk9yN_izjMd.avif (reused cache entry) (+2ms) (4/99)
01:59:09   ▶ /_astro/featured-image-3.j8Et3EFA_Z15qcTB.avif (reused cache entry) (+1ms) (5/99)
01:59:09   ▶ /_astro/featured-image-4.Bn9cp6ff_1auuNV.avif (reused cache entry) (+1ms) (6/99)
01:59:09   ▶ /_astro/featured-image-2.BeHgk9yN_1o5gRt.avif (reused cache entry) (+1ms) (7/99)
01:59:09   ▶ /_astro/blog-thumb-5.DUPiyVt9_27bIEA.webp (reused cache entry) (+2ms) (8/99)
01:59:09   ▶ /_astro/featured-image-3.j8Et3EFA_ZTssJO.avif (reused cache entry) (+2ms) (9/99)
01:59:09   ▶ /_astro/featured-image-2.BeHgk9yN_Z2gaTJt.webp (reused cache entry) (+1ms) (10/99)
01:59:09   ▶ /_astro/featured-image-4.Bn9cp6ff_Z2tKFN1.webp (reused cache entry) (+2ms) (11/99)
01:59:09   ▶ /_astro/blog-thumb-5.DUPiyVt9_2dNWcv.jpg (reused cache entry) (+2ms) (12/99)
01:59:09   ▶ /_astro/featured-image-3.j8Et3EFA_kuJhn.webp (reused cache entry) (+1ms) (13/99)
01:59:09   ▶ /_astro/featured-image-4.Bn9cp6ff_Z1ofIHK.webp (reused cache entry) (+1ms) (14/99)
01:59:09   ▶ /_astro/featured-image-5.D6kh29iz_ZIRmre.avif (reused cache entry) (+1ms) (15/99)
01:59:09   ▶ /_astro/featured-image-2.BeHgk9yN_Z1aEWEd.webp (reused cache entry) (+2ms) (16/99)
01:59:09   ▶ /_astro/featured-image-5.D6kh29iz_lCzD2.avif (reused cache entry) (+1ms) (17/99)
01:59:09   ▶ /_astro/featured-image-3.j8Et3EFA_1q0GmD.webp (reused cache entry) (+2ms) (18/99)
01:59:09   ▶ /_astro/featured-image-4.Bn9cp6ff_X3Tig.jpg (reused cache entry) (+2ms) (19/99)
01:59:09   ▶ /_astro/featured-image-2.BeHgk9yN_1bDFlN.jpg (reused cache entry) (+2ms) (20/99)
01:59:09   ▶ /_astro/featured-image-4.Bn9cp6ff_23yQnw.jpg (reused cache entry) (+1ms) (21/99)
01:59:09   ▶ /_astro/featured-image-5.D6kh29iz_Z1Uk61p.avif (reused cache entry) (+2ms) (22/99)
01:59:09   ▶ /_astro/featured-image-2.BeHgk9yN_2h9Cr4.jpg (reused cache entry) (+2ms) (23/99)
01:59:09   ▶ /_astro/featured-image-3.j8Et3EFA_MdrIM.webp (reused cache entry) (+2ms) (24/99)
01:59:09   ▶ /_astro/featured-image-5.D6kh29iz_1LywP1.webp (reused cache entry) (+1ms) (25/99)
01:59:09   ▶ /_astro/featured-image-3.j8Et3EFA_Z1hQNqh.jpg (reused cache entry) (+1ms) (26/99)
01:59:09   ▶ /_astro/featured-image-2.BeHgk9yN_5yYGD.jpg (reused cache entry) (+1ms) (27/99)
01:59:09   ▶ /_astro/featured-image-4.Bn9cp6ff_Z1IoLhc.jpg (reused cache entry) (+2ms) (28/99)
01:59:09   ▶ /_astro/featured-image-5.D6kh29iz_Z2d7DSE.webp (reused cache entry) (+1ms) (29/99)
01:59:09   ▶ /_astro/featured-image-2.BeHgk9yN_ZbruAi.avif (reused cache entry) (+1ms) (30/99)
01:59:09   ▶ /_astro/featured-image-4.Bn9cp6ff_Z20qgz8.avif (reused cache entry) (+1ms) (31/99)
01:59:09   ▶ /_astro/featured-image-3.j8Et3EFA_ZclQl1.jpg (reused cache entry) (+2ms) (32/99)
01:59:09   ▶ /_astro/featured-image-5.D6kh29iz_ZdDawN.webp (reused cache entry) (+2ms) (33/99)
01:59:09   ▶ /_astro/featured-image-4.Bn9cp6ff_ZiJl5w.webp (reused cache entry) (+2ms) (34/99)
01:59:09   ▶ /_astro/featured-image-2.BeHgk9yN_1vepSj.webp (reused cache entry) (+2ms) (35/99)
01:59:09   ▶ /_astro/featured-image-3.j8Et3EFA_18JKIN.jpg (reused cache entry) (+2ms) (36/99)
01:59:09   ▶ /_astro/featured-image-5.D6kh29iz_9bY7m.jpg (reused cache entry) (+1ms) (37/99)
01:59:09   ▶ /_astro/featured-image-2.BeHgk9yN_1QKISk.jpg (reused cache entry) (+1ms) (38/99)
01:59:09   ▶ /_astro/featured-image-3.j8Et3EFA_ZCqXrS.jpg (reused cache entry) (+2ms) (39/99)
01:59:09   ▶ /_astro/featured-image-4.Bn9cp6ff_2LWTu.jpg (reused cache entry) (+2ms) (40/99)
01:59:09   ▶ /_astro/featured-image-6.D6oZp1D4_Z1jXQNW.avif (reused cache entry) (+1ms) (41/99)
01:59:09   ▶ /_astro/featured-image-5.D6kh29iz_1eGVcC.jpg (reused cache entry) (+2ms) (42/99)
01:59:09   ▶ /_astro/blog-thumb-4.CWlT33z6_Z2lx1v7.avif (reused cache entry) (+1ms) (43/99)
01:59:09   ▶ /_astro/featured-image-1.D85LTUmI_ZYm5z5.avif (reused cache entry) (+1ms) (44/99)
01:59:09   ▶ /_astro/featured-image-6.D6oZp1D4_ZesTIG.avif (reused cache entry) (+1ms) (45/99)
01:59:09   ▶ /_astro/blog-thumb-4.CWlT33z6_Z237eYj.webp (reused cache entry) (+1ms) (46/99)
01:59:09   ▶ /_astro/featured-image-5.D6kh29iz_7S8sd.jpg (reused cache entry) (+1ms) (47/99)
01:59:09   ▶ /_astro/featured-image-1.D85LTUmI_68Qvb.avif (reused cache entry) (+1ms) (48/99)
01:59:09   ▶ /_astro/featured-image-6.D6oZp1D4_4a2GX.avif (reused cache entry) (+1ms) (49/99)
01:59:09   ▶ /_astro/featured-image-1.D85LTUmI_mWKC2.avif (reused cache entry) (+1ms) (50/99)
01:59:09   ▶ /_astro/blog-thumb-4.CWlT33z6_Z1Vu1ro.jpg (reused cache entry) (+2ms) (51/99)
01:59:09   ▶ /_astro/featured-image-5.D6kh29iz_Z1DiAIt.jpg (reused cache entry) (+2ms) (52/99)
01:59:09   ▶ /_astro/blog-thumb-1.DZlCe2VW_1jdeg4.avif (reused cache entry) (+1ms) (53/99)
01:59:09   ▶ /_astro/featured-image-1.D85LTUmI_1w4NHa.webp (reused cache entry) (+2ms) (54/99)
01:59:09   ▶ /_astro/featured-image-6.D6oZp1D4_1bs2si.webp (reused cache entry) (+2ms) (55/99)
01:59:09   ▶ /_astro/blog-thumb-6.J7tnfIUb_8PvVp.avif (reused cache entry) (+2ms) (56/99)
01:59:09   ▶ /_astro/blog-thumb-1.DZlCe2VW_1BD0LR.webp (reused cache entry) (+2ms) (57/99)
01:59:09   ▶ /_astro/featured-image-1.D85LTUmI_Z2sBn1v.webp (reused cache entry) (+2ms) (58/99)
01:59:09   ▶ /_astro/featured-image-6.D6oZp1D4_2gWYxy.webp (reused cache entry) (+2ms) (59/99)
01:59:09   ▶ /_astro/blog-thumb-6.J7tnfIUb_rgisd.webp (reused cache entry) (+2ms) (60/99)
01:59:09   ▶ /_astro/blog-thumb-1.DZlCe2VW_1IgejM.jpg (reused cache entry) (+1ms) (61/99)
01:59:09   ▶ /_astro/featured-image-1.D85LTUmI_24DG6D.webp (reused cache entry) (+2ms) (62/99)
01:59:09   ▶ /_astro/featured-image-6.D6oZp1D4_1KPXbz.webp (reused cache entry) (+2ms) (63/99)
01:59:09   ▶ /_astro/blog-thumb-6.J7tnfIUb_xSw08.jpg (reused cache entry) (+2ms) (64/99)
01:59:09   ▶ /_astro/featured-image-1.D85LTUmI_Z6hJ0u.jpg (reused cache entry) (+1ms) (65/99)
01:59:09   ▶ /_astro/blog-thumb-3.B7SGrIri_1nXhbS.avif (reused cache entry) (+2ms) (66/99)
01:59:09   ▶ /_astro/featured-image-6.D6oZp1D4_ZqTvfm.jpg (reused cache entry) (+2ms) (67/99)
01:59:09   ▶ /_astro/blog-thumb-2.BfRsU0Nk_1xG83P.avif (reused cache entry) (+1ms) (68/99)
01:59:09   ▶ /_astro/blog-thumb-3.B7SGrIri_1Go3HG.webp (reused cache entry) (+1ms) (69/99)
01:59:09   ▶ /_astro/featured-image-1.D85LTUmI_Ydd4L.jpg (reused cache entry) (+2ms) (70/99)
01:59:09   ▶ /_astro/blog-thumb-2.BfRsU0Nk_1Q6TzD.webp (reused cache entry) (+1ms) (71/99)
01:59:09   ▶ /_astro/blog-thumb-3.B7SGrIri_1N1hfB.jpg (reused cache entry) (+1ms) (72/99)
01:59:09   ▶ /_astro/featured-image-6.D6oZp1D4_DAqOT.jpg (reused cache entry) (+2ms) (73/99)
01:59:09   ▶ /_astro/featured-image-1.D85LTUmI_2qb06E.jpg (reused cache entry) (+1ms) (74/99)
01:59:09   ▶ /_astro/blog-thumb-2.BfRsU0Nk_1WJ87y.jpg (reused cache entry) (+1ms) (75/99)
01:59:09   ▶ /_astro/undraw-online-test.BEZjCgVT_Z2dNhvN.avif (reused cache entry) (+1ms) (76/99)
01:59:09   ▶ /_astro/featured-image-1.D85LTUmI_DYfTX.jpg (reused cache entry) (+1ms) (77/99)
01:59:09   ▶ /_astro/featured-image-6.D6oZp1D4_27nhbA.jpg (reused cache entry) (+2ms) (78/99)
01:59:09   ▶ /_astro/undraw-hello.DpTObfXx_ZiBRNg.avif (reused cache entry) (+2ms) (79/99)
01:59:09   ▶ /_astro/undraw-online-test.BEZjCgVT_1yo0rr.webp (reused cache entry) (+1ms) (80/99)
01:59:09   ▶ /_astro/undraw-startup.Bv2QIxvy_Z1cjPxp.avif (reused cache entry) (+1ms) (81/99)
01:59:09   ▶ /_astro/undraw-hello.DpTObfXx_Z1p3UBH.avif (reused cache entry) (+1ms) (82/99)
01:59:09   ▶ /_astro/featured-image-6.D6oZp1D4_lbwYT.jpg (reused cache entry) (+1ms) (83/99)
01:59:09   ▶ /_astro/undraw-online-test.BEZjCgVT_KGCuF.svg (reused cache entry) (+1ms) (84/99)
01:59:09   ▶ /_astro/undraw-hello.DpTObfXx_ZhK8Dr.avif (reused cache entry) (+1ms) (85/99)
01:59:09   ▶ /_astro/undraw-startup.Bv2QIxvy_Z1QSTU3.avif (reused cache entry) (+1ms) (86/99)
01:59:09   ▶ /_astro/undraw-hello.DpTObfXx_Z1ABIDW.webp (reused cache entry) (+1ms) (87/99)
01:59:09   ▶ /_astro/undraw-startup.Bv2QIxvy_2qojr7.avif (reused cache entry) (+1ms) (88/99)
01:59:09   ▶ /_astro/undraw-startup.Bv2QIxvy_Z2ujGo6.webp (reused cache entry) (+1ms) (89/99)
01:59:09   ▶ /_astro/undraw-hello.DpTObfXx_2n8mlx.webp (reused cache entry) (+1ms) (90/99)
01:59:09   ▶ /_astro/undraw-startup.Bv2QIxvy_1Uin3c.webp (reused cache entry) (+1ms) (91/99)
01:59:09   ▶ /_astro/undraw-hello.DpTObfXx_Z1zJYu8.webp (reused cache entry) (+1ms) (92/99)
01:59:09   ▶ /_astro/undraw-startup.Bv2QIxvy_18osAq.webp (reused cache entry) (+1ms) (93/99)
01:59:09   ▶ /_astro/undraw-hello.DpTObfXx_Z2oj6AI.svg (reused cache entry) (+1ms) (94/99)
01:59:09   ▶ /_astro/undraw-startup.Bv2QIxvy_1Mb4t4.svg (reused cache entry) (+1ms) (95/99)
01:59:09   ▶ /_astro/undraw-hello.DpTObfXx_1zqYoL.svg (reused cache entry) (+1ms) (96/99)
01:59:09   ▶ /_astro/undraw-hello.DpTObfXx_Z2nrmqT.svg (reused cache entry) (+1ms) (97/99)
01:59:09   ▶ /_astro/undraw-startup.Bv2QIxvy_17B06q.svg (reused cache entry) (+2ms) (98/99)
01:59:09   ▶ /_astro/undraw-startup.Bv2QIxvy_kH5DE.svg (reused cache entry) (+1ms) (99/99)
01:59:09 ✓ Completed in 42ms.

01:59:09 [build] ✓ Completed in 10.06s.
01:59:09 [@astrojs/sitemap] `sitemap-index.xml` created at `dist`
01:59:09 [sitemap-noindex-filter] Removed 1 noindex page(s) from the sitemap.
01:59:09 [build] 100 page(s) built in 11.04s
01:59:09 [build] Complete!
